<testsuites id="" name="" tests="3" failures="0" skipped="0" errors="0" time="13.253870999999998">
<testsuite name="practice-automation.spec.ts" timestamp="2026-03-30T20:50:55.587Z" hostname="chromium" tests="2" failures="0" skipped="0" time="12.605" errors="0">
<testcase name="Practice Automation › should display the correct page title on the home page" classname="practice-automation.spec.ts" time="5.919">
</testcase>
<testcase name="Practice Automation › should login" classname="practice-automation.spec.ts" time="6.686">
</testcase>
</testsuite>
<testsuite name="test-table.spec.ts" timestamp="2026-03-30T20:50:55.587Z" hostname="chromium" tests="1" failures="0" skipped="0" time="6.209" errors="0">
<testcase name="Table test › select java Advanced only" classname="test-table.spec.ts" time="6.209">
</testcase>
</testsuite>
</testsuites>